     VMA      LMA     Size Align Out     In      Symbol
       0        0        0     1 _estack = ORIGIN ( RWMEM ) + LENGTH ( RWMEM ) - 8
       0        0        0     1 _store_byte = 0xDEAD
    c000     c000     5208     8 .text
    c000     c000        0     1         . = ALIGN ( 4 )
    c000     c000       c0     4         /home/vkortbeek/devel/intermittent-compiler/intermittent-compiler-collection/passes/idempotent-regions/test/arm-code/coremark/build-noelle/src/coremark-orig.obj:(.isr_vector)
    c000     c000       c0     1                 g_am_pfnVectors
    c0c0     c0c0       40     4         /home/vkortbeek/devel/intermittent-compiler/intermittent-compiler-collection/passes/idempotent-regions/test/arm-code/coremark/build-noelle/src/coremark-orig.obj:(.patch)
    c0c0     c0c0       40     1                 __Patchable
    c100     c100      378     4         /usr/lib/gcc/arm-none-eabi/10.3.0/thumb/v7e-m/nofp/libgcc.a(_arm_addsubdf3.o):(.text)
    c100     c100        0     1                 $t
    c101     c101        0     1                 __aeabi_drsub
    c109     c109      27a     1                 __subdf3
    c109     c109      27a     1                 __aeabi_dsub
    c10d     c10d      276     1                 __adddf3
    c10d     c10d      276     1                 __aeabi_dadd
    c385     c385       1e     1                 __floatunsidf
    c385     c385       1e     1                 __aeabi_ui2d
    c3a5     c3a5       22     1                 __floatsidf
    c3a5     c3a5       22     1                 __aeabi_i2d
    c3c9     c3c9       42     1                 __extendsfdf2
    c3c9     c3c9       42     1                 __aeabi_f2d
    c40d     c40d       6a     1                 __floatundidf
    c40d     c40d       6a     1                 __aeabi_ul2d
    c41d     c41d       5a     1                 __floatdidf
    c41d     c41d       5a     1                 __aeabi_l2d
    c478     c478      424     4         /usr/lib/gcc/arm-none-eabi/10.3.0/thumb/v7e-m/nofp/libgcc.a(_arm_muldivdf3.o):(.text)
    c478     c478        0     1                 $t
    c479     c479      254     1                 __muldf3
    c479     c479      254     1                 __aeabi_dmul
    c6cd     c6cd      1d0     1                 __divdf3
    c6cd     c6cd      1d0     1                 __aeabi_ddiv
    c89c     c89c       50     4         /usr/lib/gcc/arm-none-eabi/10.3.0/thumb/v7e-m/nofp/libgcc.a(_arm_fixdfsi.o):(.text)
    c89c     c89c        0     1                 $t
    c89d     c89d       4e     1                 __fixdfsi
    c89d     c89d       4e     1                 __aeabi_d2iz
    c8ec     c8ec       40     4         /usr/lib/gcc/arm-none-eabi/10.3.0/thumb/v7e-m/nofp/libgcc.a(_arm_fixunsdfsi.o):(.text)
    c8ec     c8ec        0     1                 $t
    c8ed     c8ed       40     1                 __fixunsdfsi
    c8ed     c8ed       40     1                 __aeabi_d2uiz
    c92c     c92c      110     4         /usr/lib/gcc/arm-none-eabi/10.3.0/thumb/v7e-m/nofp/libgcc.a(_arm_cmpdf2.o):(.text)
    c92c     c92c        0     1                 $t
    c92d     c92d       8a     1                 __gtdf2
    c92d     c92d       8a     1                 __gedf2
    c935     c935       82     1                 __ltdf2
    c935     c935       82     1                 __ledf2
    c93d     c93d       7a     1                 __cmpdf2
    c93d     c93d       7a     1                 __nedf2
    c93d     c93d       7a     1                 __eqdf2
    c9b9     c9b9       20     1                 __aeabi_cdrcmple
    c9c9     c9c9       10     1                 __aeabi_cdcmpeq
    c9c9     c9c9       10     1                 __aeabi_cdcmple
    c9d9     c9d9       12     1                 __aeabi_dcmpeq
    c9ed     c9ed       12     1                 __aeabi_dcmplt
    ca01     ca01       12     1                 __aeabi_dcmple
    ca15     ca15       12     1                 __aeabi_dcmpge
    ca29     ca29       12     1                 __aeabi_dcmpgt
    ca3c     ca3c       2c     4         /usr/lib/gcc/arm-none-eabi/10.3.0/thumb/v7e-m/nofp/libgcc.a(_arm_unorddf2.o):(.text)
    ca3c     ca3c        0     1                 $t
    ca3d     ca3d       2c     1                 __unorddf2
    ca3d     ca3d       2c     1                 __aeabi_dcmpun
    ca68     ca68       98     2         /home/vkortbeek/devel/intermittent-compiler/intermittent-compiler-collection/passes/idempotent-regions/test/arm-code/coremark/build-noelle/src/coremark-orig.obj:(.text.calc_func)
    ca68     ca68        0     1                 $t.0
    ca69     ca69       98     1                 calc_func
    cb00     cb00      4a6     4         /home/vkortbeek/devel/intermittent-compiler/intermittent-compiler-collection/passes/idempotent-regions/test/arm-code/coremark/build-noelle/src/coremark-orig.obj:(.text.core_bench_list)
    cb00     cb00        0     1                 $t.4
    cb01     cb01      4a6     1                 core_bench_list
    cfa8     cfa8      214     4         /home/vkortbeek/devel/intermittent-compiler/intermittent-compiler-collection/passes/idempotent-regions/test/arm-code/coremark/build-noelle/src/coremark-orig.obj:(.text.core_list_init)
    cfa8     cfa8        0     1                 $t.10
    cfa9     cfa9      214     1                 core_list_init
    d1bc     d1bc      a4c     4         /home/vkortbeek/devel/intermittent-compiler/intermittent-compiler-collection/passes/idempotent-regions/test/arm-code/coremark/build-noelle/src/coremark-orig.obj:(.text.main)
    d1bc     d1bc        0     1                 $t.13
    d1bd     d1bd      a4c     1                 main
    dc08     dc08      f6e     4         /home/vkortbeek/devel/intermittent-compiler/intermittent-compiler-collection/passes/idempotent-regions/test/arm-code/coremark/build-noelle/src/coremark-orig.obj:(.text.matrix_test)
    dc08     dc08        0     1                 $t.15
    dc09     dc09      f6e     1                 matrix_test
    eb78     eb78      298     4         /home/vkortbeek/devel/intermittent-compiler/intermittent-compiler-collection/passes/idempotent-regions/test/arm-code/coremark/build-noelle/src/coremark-orig.obj:(.text.core_bench_state)
    eb78     eb78        0     1                 $t.23
    eb79     eb79      298     1                 core_bench_state
    ee10     ee10      1d8     4         /home/vkortbeek/devel/intermittent-compiler/intermittent-compiler-collection/passes/idempotent-regions/test/arm-code/coremark/build-noelle/src/coremark-orig.obj:(.text.core_state_transition)
    ee10     ee10        0     1                 $t.24
    ee11     ee11      1d8     1                 core_state_transition
    ee5a     ee5a        0     1                 $d.25
    ee62     ee62        0     1                 $t.26
    efe8     efe8      116     2         /home/vkortbeek/devel/intermittent-compiler/intermittent-compiler-collection/passes/idempotent-regions/test/arm-code/coremark/build-noelle/src/coremark-orig.obj:(.text.crcu16)
    efe8     efe8        0     1                 $t.30
    efe9     efe9      116     1                 crcu16
    f0fe     f0fe        e     2         /home/vkortbeek/devel/intermittent-compiler/intermittent-compiler-collection/passes/idempotent-regions/test/arm-code/coremark/build-noelle/src/coremark-orig.obj:(.text.clock)
    f0fe     f0fe        0     1                 $t.34
    f0ff     f0ff        e     1                 clock
    f10c     f10c       38     2         /home/vkortbeek/devel/intermittent-compiler/intermittent-compiler-collection/passes/idempotent-regions/test/arm-code/coremark/build-noelle/src/coremark-orig.obj:(.text.printf_)
    f10c     f10c        0     1                 $t.41
    f10d     f10d       38     1                 printf_
    f144     f144        a     2         /home/vkortbeek/devel/intermittent-compiler/intermittent-compiler-collection/passes/idempotent-regions/test/arm-code/coremark/build-noelle/src/coremark-orig.obj:(.text._out_char)
    f144     f144        0     1                 $t.42
    f145     f145        a     1                 _out_char
    f150     f150      ae4     4         /home/vkortbeek/devel/intermittent-compiler/intermittent-compiler-collection/passes/idempotent-regions/test/arm-code/coremark/build-noelle/src/coremark-orig.obj:(.text._vsnprintf)
    f150     f150        0     1                 $t.43
    f151     f151      ae4     1                 _vsnprintf
    f1de     f1de        0     1                 $d.44
    f1f0     f1f0        0     1                 $t.45
    f392     f392        0     1                 $d.46
    f39c     f39c        0     1                 $t.47
    f3d2     f3d2        0     1                 $d.48
    f47a     f47a        0     1                 $t.49
    fc34     fc34        2     2         /home/vkortbeek/devel/intermittent-compiler/intermittent-compiler-collection/passes/idempotent-regions/test/arm-code/coremark/build-noelle/src/coremark-orig.obj:(.text._out_null)
    fc34     fc34        0     1                 $t.50
    fc35     fc35        2     1                 _out_null
    fc38     fc38      692     4         /home/vkortbeek/devel/intermittent-compiler/intermittent-compiler-collection/passes/idempotent-regions/test/arm-code/coremark/build-noelle/src/coremark-orig.obj:(.text._ftoa)
    fc38     fc38        0     1                 $t.51
    fc39     fc39      692     1                 _ftoa
   102cc    102cc      4c2     4         /home/vkortbeek/devel/intermittent-compiler/intermittent-compiler-collection/passes/idempotent-regions/test/arm-code/coremark/build-noelle/src/coremark-orig.obj:(.text._etoa)
   102cc    102cc        0     1                 $t.52
   102cd    102cd      4c2     1                 _etoa
   10790    10790      24e     4         /home/vkortbeek/devel/intermittent-compiler/intermittent-compiler-collection/passes/idempotent-regions/test/arm-code/coremark/build-noelle/src/coremark-orig.obj:(.text._ntoa_format)
   10790    10790        0     1                 $t.53
   10791    10791      24e     1                 _ntoa_format
   109de    109de        c     2         /home/vkortbeek/devel/intermittent-compiler/intermittent-compiler-collection/passes/idempotent-regions/test/arm-code/coremark/build-noelle/src/coremark-orig.obj:(.text.putc)
   109de    109de        0     1                 $t.61
   109df    109df        c     1                 putc
   109ea    109ea       18     2         /home/vkortbeek/devel/intermittent-compiler/intermittent-compiler-collection/passes/idempotent-regions/test/arm-code/coremark/build-noelle/src/coremark-orig.obj:(.text._putchar)
   109ea    109ea        0     1                 $t.62
   109eb    109eb       18     1                 _putchar
   10a04    10a04       50     4         /home/vkortbeek/devel/intermittent-compiler/intermittent-compiler-collection/passes/idempotent-regions/test/arm-code/coremark/build-noelle/src/coremark-orig.obj:(.text.Reset_Handler)
   10a04    10a04        0     1                 $t.63
   10a05    10a05       34     1                 Reset_Handler
   10a14    10a14        0     1                 copy_loop
   10a28    10a28        0     1                 zero_loop
   10a38    10a38        0     1                 $d.67
   10a54    10a54        2     4         /home/vkortbeek/devel/intermittent-compiler/intermittent-compiler-collection/passes/idempotent-regions/test/arm-code/coremark/build-noelle/src/coremark-orig.obj:(.text.NMI_Handler)
   10a54    10a54        0     1                 $t.64
   10a55    10a55        2     1                 NMI_Handler
   10a58    10a58        2     4         /home/vkortbeek/devel/intermittent-compiler/intermittent-compiler-collection/passes/idempotent-regions/test/arm-code/coremark/build-noelle/src/coremark-orig.obj:(.text.HardFault_Handler)
   10a58    10a58        0     1                 $t.65
   10a59    10a59        2     1                 BusFault_Handler
   10a59    10a59        2     1                 HardFault_Handler
   10a59    10a59        2     1                 MemManage_Handler
   10a59    10a59        2     1                 SecureFault_Handler
   10a59    10a59        2     1                 UsageFault_Handler
   10a5c    10a5c        2     4         /home/vkortbeek/devel/intermittent-compiler/intermittent-compiler-collection/passes/idempotent-regions/test/arm-code/coremark/build-noelle/src/coremark-orig.obj:(.text.am_default_isr)
   10a5c    10a5c        0     1                 $t.66
   10a5d    10a5d        2     1                 DebugMon_Handler
   10a5d    10a5d        2     1                 PendSV_Handler
   10a5d    10a5d        2     1                 SVC_Handler
   10a5d    10a5d        2     1                 SysTick_Handler
   10a5d    10a5d        2     1                 am_adc_isr
   10a5d    10a5d        2     1                 am_ble_isr
   10a5d    10a5d        2     1                 am_brownout_isr
   10a5d    10a5d        2     1                 am_clkgen_isr
   10a5d    10a5d        2     1                 am_ctimer_isr
   10a5d    10a5d        2     1                 am_default_isr
   10a5d    10a5d        2     1                 am_gpio_isr
   10a5d    10a5d        2     1                 am_iomaster0_isr
   10a5d    10a5d        2     1                 am_iomaster1_isr
   10a5d    10a5d        2     1                 am_iomaster2_isr
   10a5d    10a5d        2     1                 am_iomaster3_isr
   10a5d    10a5d        2     1                 am_iomaster4_isr
   10a5d    10a5d        2     1                 am_iomaster5_isr
   10a5d    10a5d        2     1                 am_ioslave_acc_isr
   10a5d    10a5d        2     1                 am_ioslave_ios_isr
   10a5d    10a5d        2     1                 am_mspi0_isr
   10a5d    10a5d        2     1                 am_pdm0_isr
   10a5d    10a5d        2     1                 am_rtc_isr
   10a5d    10a5d        2     1                 am_scard_isr
   10a5d    10a5d        2     1                 am_software0_isr
   10a5d    10a5d        2     1                 am_stimer_cmpr0_isr
   10a5d    10a5d        2     1                 am_stimer_cmpr1_isr
   10a5d    10a5d        2     1                 am_stimer_cmpr2_isr
   10a5d    10a5d        2     1                 am_stimer_cmpr3_isr
   10a5d    10a5d        2     1                 am_stimer_cmpr4_isr
   10a5d    10a5d        2     1                 am_stimer_cmpr5_isr
   10a5d    10a5d        2     1                 am_stimer_cmpr6_isr
   10a5d    10a5d        2     1                 am_stimer_cmpr7_isr
   10a5d    10a5d        2     1                 am_stimer_isr
   10a5d    10a5d        2     1                 am_uart1_isr
   10a5d    10a5d        2     1                 am_uart_isr
   10a5d    10a5d        2     1                 am_vcomp_isr
   10a5d    10a5d        2     1                 am_watchdog_isr
   10a5e    10a5e      230     2         /usr/lib/gcc/arm-none-eabi/10.3.0/thumb/v7e-m/nofp/libgcc.a(_udivdi3.o):(.text.__udivdi3)
   10a5e    10a5e        0     1                 $t
   10a5f    10a5f      230     1                 __udivdi3
   10c8e    10c8e       10     2         /usr/arm-none-eabi/lib/thumb/v7e-m/nofp/libc_nano.a(lib_a-memset.o):(.text.memset)
   10c8e    10c8e        0     1                 $t
   10c8f    10c8f       10     1                 memset
   10c9e    10c9e      477     1         <internal>:(.rodata)
   11118    11118       20     4         <internal>:(.rodata)
   11138    11138        a     2         /home/vkortbeek/devel/intermittent-compiler/intermittent-compiler-collection/passes/idempotent-regions/test/arm-code/coremark/build-noelle/src/coremark-orig.obj:(.rodata.list_known_crc)
   11138    11138        a     1                 list_known_crc
   11142    11142        a     2         /home/vkortbeek/devel/intermittent-compiler/intermittent-compiler-collection/passes/idempotent-regions/test/arm-code/coremark/build-noelle/src/coremark-orig.obj:(.rodata.matrix_known_crc)
   11142    11142        a     1                 matrix_known_crc
   1114c    1114c        a     2         /home/vkortbeek/devel/intermittent-compiler/intermittent-compiler-collection/passes/idempotent-regions/test/arm-code/coremark/build-noelle/src/coremark-orig.obj:(.rodata.state_known_crc)
   1114c    1114c        a     1                 state_known_crc
   11158    11158       10     4         /home/vkortbeek/devel/intermittent-compiler/intermittent-compiler-collection/passes/idempotent-regions/test/arm-code/coremark/build-noelle/src/coremark-orig.obj:(.rodata.intpat)
   11158    11158       10     1                 intpat
   11168    11168       10     4         /home/vkortbeek/devel/intermittent-compiler/intermittent-compiler-collection/passes/idempotent-regions/test/arm-code/coremark/build-noelle/src/coremark-orig.obj:(.rodata.floatpat)
   11168    11168       10     1                 floatpat
   11178    11178       10     4         /home/vkortbeek/devel/intermittent-compiler/intermittent-compiler-collection/passes/idempotent-regions/test/arm-code/coremark/build-noelle/src/coremark-orig.obj:(.rodata.scipat)
   11178    11178       10     1                 scipat
   11188    11188       10     4         /home/vkortbeek/devel/intermittent-compiler/intermittent-compiler-collection/passes/idempotent-regions/test/arm-code/coremark/build-noelle/src/coremark-orig.obj:(.rodata.errpat)
   11188    11188       10     1                 errpat
   11198    11198       50     8         /home/vkortbeek/devel/intermittent-compiler/intermittent-compiler-collection/passes/idempotent-regions/test/arm-code/coremark/build-noelle/src/coremark-orig.obj:(.rodata._ftoa.pow10)
   11198    11198       50     1                 _ftoa.pow10
   111e8    111e8       20     4         /home/vkortbeek/devel/intermittent-compiler/intermittent-compiler-collection/passes/idempotent-regions/test/arm-code/coremark/build-noelle/src/coremark-orig.obj:(.rodata..Lswitch.table.core_init_state)
   111e8    111e8       20     1                 .Lswitch.table.core_init_state
   11208    11208        0     1         . = ALIGN ( 4 )
   11208    11208        0     1         _etext = .
10000000    11208        c     4 .data
10000000    11208        0     1         . = ALIGN ( 4 )
10000000    11208        0     1         _sdata = .
10000000    11208        c     4         /home/vkortbeek/devel/intermittent-compiler/intermittent-compiler-collection/passes/idempotent-regions/test/arm-code/coremark/build-noelle/src/coremark-orig.obj:(.data..L_MergedGlobals)
10000000    11208        c     1                 .L_MergedGlobals
10000000    11208        4     1                 seed3_volatile
10000004    1120c        4     1                 seed4_volatile
10000008    11210        4     1                 default_num_contexts
1000000c    11214        0     1         . = ALIGN ( 4 )
1000000c    11214        0     1         _edata = .
1000000c    11214        0     1 _init_data = LOADADDR ( .data )
10000010 10000010       28     8 .bss
10000010 10000010        0     1         . = ALIGN ( 4 )
10000010 10000010        0     1         _sbss = .
10000010 10000010       20     8         /home/vkortbeek/devel/intermittent-compiler/intermittent-compiler-collection/passes/idempotent-regions/test/arm-code/coremark/build-noelle/src/coremark-orig.obj:(.bss..L_MergedGlobals.3)
10000010 10000010       20     1                 .L_MergedGlobals.3
10000010 10000010        4     1                 seed1_volatile
10000014 10000014        4     1                 seed2_volatile
10000018 10000018        4     1                 seed5_volatile
10000020 10000020        8     1                 start_time_val
10000028 10000028        8     1                 stop_time_val
10000030 10000030        8     8         /home/vkortbeek/devel/intermittent-compiler/intermittent-compiler-collection/passes/idempotent-regions/test/arm-code/coremark/build-noelle/src/coremark-orig.obj:(COMMON)
10000030 10000030        8     1                 dummy
10000038 10000038        0     1         . = ALIGN ( 4 )
10000038 10000038        0     1         _ebss = .
51000000 51000000        0     1 .nvm
51000000 51000000        0     1         . = ALIGN ( 4 )
51000000 51000000        0     1         _snvm = .
51000000 51000000        0     1         . = ALIGN ( 4 )
51000000 51000000        0     1         _envm = .
       0        0       3f     1 .ARM.attributes
       0        0       3f     1         /home/vkortbeek/devel/intermittent-compiler/intermittent-compiler-collection/passes/idempotent-regions/test/arm-code/coremark/build-noelle/src/coremark-orig.obj:(.ARM.attributes)
       0        0     1047     1 .debug_str
       0        0     1047     1         <internal>:(.debug_str)
       0        0     7a45     1 .debug_loc
       0        0     7a45     1         /home/vkortbeek/devel/intermittent-compiler/intermittent-compiler-collection/passes/idempotent-regions/test/arm-code/coremark/build-noelle/src/coremark-orig.obj:(.debug_loc)
       0        0      54d     1 .debug_abbrev
       0        0      54d     1         /home/vkortbeek/devel/intermittent-compiler/intermittent-compiler-collection/passes/idempotent-regions/test/arm-code/coremark/build-noelle/src/coremark-orig.obj:(.debug_abbrev)
       0        0     3b2e     1 .debug_info
       0        0     3b2e     1         /home/vkortbeek/devel/intermittent-compiler/intermittent-compiler-collection/passes/idempotent-regions/test/arm-code/coremark/build-noelle/src/coremark-orig.obj:(.debug_info)
       0        0      b78     1 .debug_ranges
       0        0      b78     1         /home/vkortbeek/devel/intermittent-compiler/intermittent-compiler-collection/passes/idempotent-regions/test/arm-code/coremark/build-noelle/src/coremark-orig.obj:(.debug_ranges)
       0        0        1     1 .debug_macinfo
       0        0        1     1         /home/vkortbeek/devel/intermittent-compiler/intermittent-compiler-collection/passes/idempotent-regions/test/arm-code/coremark/build-noelle/src/coremark-orig.obj:(.debug_macinfo)
       0        0       28     1 .comment
       0        0       28     1         <internal>:(.comment)
       0        0      8e8     4 .debug_frame
       0        0      66c     4         /home/vkortbeek/devel/intermittent-compiler/intermittent-compiler-collection/passes/idempotent-regions/test/arm-code/coremark/build-noelle/src/coremark-orig.obj:(.debug_frame)
     66c      66c       ac     4         /usr/lib/gcc/arm-none-eabi/10.3.0/thumb/v7e-m/nofp/libgcc.a(_arm_addsubdf3.o):(.debug_frame)
     718      718       50     4         /usr/lib/gcc/arm-none-eabi/10.3.0/thumb/v7e-m/nofp/libgcc.a(_arm_muldivdf3.o):(.debug_frame)
     768      768       24     4         /usr/lib/gcc/arm-none-eabi/10.3.0/thumb/v7e-m/nofp/libgcc.a(_arm_fixdfsi.o):(.debug_frame)
     78c      78c       24     4         /usr/lib/gcc/arm-none-eabi/10.3.0/thumb/v7e-m/nofp/libgcc.a(_arm_fixunsdfsi.o):(.debug_frame)
     7b0      7b0       c4     4         /usr/lib/gcc/arm-none-eabi/10.3.0/thumb/v7e-m/nofp/libgcc.a(_arm_cmpdf2.o):(.debug_frame)
     874      874       34     4         /usr/lib/gcc/arm-none-eabi/10.3.0/thumb/v7e-m/nofp/libgcc.a(_udivdi3.o):(.debug_frame)
     8a8      8a8       20     4         /usr/lib/gcc/arm-none-eabi/10.3.0/thumb/v7e-m/nofp/libgcc.a(_arm_unorddf2.o):(.debug_frame)
     8c8      8c8       20     4         /usr/arm-none-eabi/lib/thumb/v7e-m/nofp/libc_nano.a(lib_a-memset.o):(.debug_frame)
       0        0     5070     1 .debug_line
       0        0     5070     1         /home/vkortbeek/devel/intermittent-compiler/intermittent-compiler-collection/passes/idempotent-regions/test/arm-code/coremark/build-noelle/src/coremark-orig.obj:(.debug_line)
       0        0      b60     4 .symtab
       0        0      b60     4         <internal>:(.symtab)
       0        0       b0     1 .shstrtab
       0        0       b0     1         <internal>:(.shstrtab)
       0        0      7ed     1 .strtab
       0        0      7ed     1         <internal>:(.strtab)
